// Jest Snapshot v1, https://goo.gl/fbAQLP

exports[`storeUtils utils.removeItemInArray immutably removes object from array 1`] = `
Array [
  "red",
  "blue",
]
`;

exports[`storeUtils utils.updateItemInMap immutably updates only specified properties of matching item 1`] = `
Object {
  "mittens": Object {
    "age": 11,
    "color": "white",
    "id": "mittens",
  },
  "pearl": Object {
    "age": 3,
    "color": "brown",
    "id": "pearl",
  },
  "scruffy": Object {
    "age": 7,
    "color": "yellow",
    "id": "scruffy",
  },
}
`;
